// Jest Snapshot v1, https://goo.gl/fbAQLP

exports[`App makes sure component renders correctly 1`] = `
<DocumentFragment>
  <div
    class="App"
  >
    <img
      alt="NASA Logo"
      class="logo"
      src="https://cdn.cnn.com/cnnnext/dam/assets/200424060716-nasa-worm-logo.jpg"
    />
    <form
      class="searchform"
    >
      <input
        class="searchbox"
        placeholder="Search for images.."
        type="text"
      />
      <button
        class="submit"
        type="submit"
      >
        Search
      </button>
    </form>
    <img
      alt="test"
      class="test-image"
      src="https://images.unsplash.com/photo-1522030299830-16b8d3d049fe?ixlib=rb-1.2.1&ixid=eyJhcHBfaWQiOjEyMDd9&w=1000&q=80"
    />
  </div>
</DocumentFragment>
`;
